src/infrastructure/repository/activity-log-repository.ts(1,30): error TS2307: Cannot find module '../../../domain/entities/ActivityLog' or its corresponding type declarations.
src/infrastructure/repository/activity-log-repository.ts(2,40): error TS2307: Cannot find module '../../../domain/repository/activity-log-repository' or its corresponding type declarations.
src/interface/controllers/activity-log-controller.ts(36,70): error TS2345: Argument of type 'string | string[]' is not assignable to parameter of type 'string'.
  Type 'string[]' is not assignable to type 'string'.
src/interface/controllers/activity-log-controller.ts(50,80): error TS2345: Argument of type 'string | string[]' is not assignable to parameter of type 'string'.
  Type 'string[]' is not assignable to type 'string'.
src/interface/controllers/activity-log-controller.ts(60,76): error TS2345: Argument of type 'string | string[]' is not assignable to parameter of type 'string'.
  Type 'string[]' is not assignable to type 'string'.
